// Jest Snapshot v1, https://goo.gl/fbAQLP

exports[`Square renders correctly 1`] = `
<button
  className="square"
  onClick={[MockFunction]}
>
  X
</button>
`;
